// Jest Snapshot v1, https://goo.gl/fbAQLP

exports[`Header component Renders static elements 1`] = `
<Header>
  <header>
    <nav
      className="navbar navbar-expand navbar-dark bg-dark header"
    >
      <ForwardRef
        className="navbar-brand"
        to="/"
      >
        <Location>
          <LocationProvider
            history={
              Object {
                "_onTransitionComplete": [Function],
                "listen": [Function],
                "location": Object {
                  "assign": [Function],
                  "hash": "",
                  "host": "localhost",
                  "hostname": "localhost",
                  "href": "http://localhost/",
                  "key": "initial",
                  "origin": "http://localhost",
                  "pathname": "/",
                  "port": "",
                  "protocol": "http:",
                  "reload": [Function],
                  "replace": [Function],
                  "search": "",
                  "state": null,
                  "toString": [Function],
                },
                "navigate": [Function],
                "transitioning": false,
              }
            }
          >
            <a
              aria-current="page"
              className="navbar-brand"
              href="/"
              onClick={[Function]}
            >
              Habit Geek!
            </a>
          </LocationProvider>
        </Location>
      </ForwardRef>
      <div
        className="navbar-nav"
      >
        <ForwardRef
          getProps={[Function]}
          to="/"
        >
          <Location>
            <LocationProvider
              history={
                Object {
                  "_onTransitionComplete": [Function],
                  "listen": [Function],
                  "location": Object {
                    "assign": [Function],
                    "hash": "",
                    "host": "localhost",
                    "hostname": "localhost",
                    "href": "http://localhost/",
                    "key": "initial",
                    "origin": "http://localhost",
                    "pathname": "/",
                    "port": "",
                    "protocol": "http:",
                    "reload": [Function],
                    "replace": [Function],
                    "search": "",
                    "state": null,
                    "toString": [Function],
                  },
                  "navigate": [Function],
                  "transitioning": false,
                }
              }
            >
              <a
                aria-current="page"
                className="nav-item nav-link active"
                href="/"
                onClick={[Function]}
              >
                nav-my-habits
              </a>
            </LocationProvider>
          </Location>
        </ForwardRef>
        <ForwardRef
          getProps={[Function]}
          to="/history"
        >
          <Location>
            <LocationProvider
              history={
                Object {
                  "_onTransitionComplete": [Function],
                  "listen": [Function],
                  "location": Object {
                    "assign": [Function],
                    "hash": "",
                    "host": "localhost",
                    "hostname": "localhost",
                    "href": "http://localhost/",
                    "key": "initial",
                    "origin": "http://localhost",
                    "pathname": "/",
                    "port": "",
                    "protocol": "http:",
                    "reload": [Function],
                    "replace": [Function],
                    "search": "",
                    "state": null,
                    "toString": [Function],
                  },
                  "navigate": [Function],
                  "transitioning": false,
                }
              }
            >
              <a
                className="nav-item nav-link"
                href="/history"
                onClick={[Function]}
              >
                nav-history
              </a>
            </LocationProvider>
          </Location>
        </ForwardRef>
        <ForwardRef
          getProps={[Function]}
          to="/profile"
        >
          <Location>
            <LocationProvider
              history={
                Object {
                  "_onTransitionComplete": [Function],
                  "listen": [Function],
                  "location": Object {
                    "assign": [Function],
                    "hash": "",
                    "host": "localhost",
                    "hostname": "localhost",
                    "href": "http://localhost/",
                    "key": "initial",
                    "origin": "http://localhost",
                    "pathname": "/",
                    "port": "",
                    "protocol": "http:",
                    "reload": [Function],
                    "replace": [Function],
                    "search": "",
                    "state": null,
                    "toString": [Function],
                  },
                  "navigate": [Function],
                  "transitioning": false,
                }
              }
            >
              <a
                className="nav-item nav-link"
                href="/profile"
                onClick={[Function]}
              >
                nav-profile
              </a>
            </LocationProvider>
          </Location>
        </ForwardRef>
      </div>
    </nav>
  </header>
</Header>
`;
