// Jest Snapshot v1, https://goo.gl/fbAQLP

exports[`HabitHeader component Renders static elements 1`] = `
<div
  className="habit-row__header"
>
  <div
    className="habit-row__title"
  />
  <div
    className="habit-row-frequency"
  >
    <h5
      className="rounded-top habit-row-frequency__cell "
      key="header-cell-0"
    >
      Mon
    </h5>
    <h5
      className="rounded-top habit-row-frequency__cell "
      key="header-cell-1"
    >
      Tue
    </h5>
    <h5
      className="rounded-top habit-row-frequency__cell "
      key="header-cell-2"
    >
      Wed
    </h5>
    <h5
      className="rounded-top habit-row-frequency__cell "
      key="header-cell-3"
    >
      Thu
    </h5>
    <h5
      className="rounded-top habit-row-frequency__cell "
      key="header-cell-4"
    >
      Fri
    </h5>
    <h5
      className="rounded-top habit-row-frequency__cell "
      key="header-cell-5"
    >
      Sat
    </h5>
    <h5
      className="rounded-top habit-row-frequency__cell "
      key="header-cell-6"
    >
      Sun
    </h5>
  </div>
  <div
    className="icon-button"
  />
</div>
`;
