// Jest Snapshot v1, https://goo.gl/fbAQLP

exports[`HabitRowFrequency component Renders static elements 1`] = `
<div
  className="habit-row-frequency  "
>
  <div
    className="habit-row-frequency__cell "
    key="check-name-0"
  >
    <HabitCheckbox
      clickHandler={[Function]}
      day="Mon"
      isChecked={true}
      isDisabled={false}
      isReadOnly={true}
    />
  </div>
  <div
    className="habit-row-frequency__cell "
    key="check-name-1"
  >
    <HabitCheckbox
      clickHandler={[Function]}
      day="Tue"
      isChecked={true}
      isDisabled={false}
      isReadOnly={true}
    />
  </div>
  <div
    className="habit-row-frequency__cell "
    key="check-name-2"
  >
    <HabitCheckbox
      clickHandler={[Function]}
      day="Wed"
      isChecked={false}
      isDisabled={false}
      isReadOnly={true}
    />
  </div>
  <div
    className="habit-row-frequency__cell "
    key="check-name-3"
  >
    <HabitCheckbox
      clickHandler={[Function]}
      day="Thu"
      isChecked={false}
      isDisabled={false}
      isReadOnly={true}
    />
  </div>
  <div
    className="habit-row-frequency__cell "
    key="check-name-4"
  >
    <HabitCheckbox
      clickHandler={[Function]}
      day="Fri"
      isChecked={true}
      isDisabled={false}
      isReadOnly={true}
    />
  </div>
  <div
    className="habit-row-frequency__cell "
    key="check-name-5"
  >
    <HabitCheckbox
      clickHandler={[Function]}
      day="Sat"
      isChecked={false}
      isDisabled={false}
      isReadOnly={true}
    />
  </div>
  <div
    className="habit-row-frequency__cell "
    key="check-name-6"
  >
    <HabitCheckbox
      clickHandler={[Function]}
      day="Sun"
      isChecked={false}
      isDisabled={false}
      isReadOnly={true}
    />
  </div>
</div>
`;
