// Jest Snapshot v1, https://goo.gl/fbAQLP

exports[`Layout component Renders static elements 1`] = `
<Fragment>
  <Header />
</Fragment>
`;
