// Jest Snapshot v1, https://goo.gl/fbAQLP

exports[`DashboardView component Doesn't show username is none is provided 1`] = `
<h2
  className="mb-3"
>
  my-habits-title
</h2>
`;

exports[`DashboardView component Renders static elements 1`] = `
<div
  className="large-size-container"
>
  <h2
    className="mb-3"
  >
    my-habits-title
  </h2>
  <DashboardWeekHeader
    hasPreviousWeek="y1w0"
    isCurrentWeek={true}
    toggleWeek={[Function]}
    week="y1w1"
  />
  <HabitTable
    habits={
      Array [
        Object {
          "checked": Array [],
          "frequency": "1",
          "name": "write",
          "type": "health",
        },
      ]
    }
    onUpdateHabit={[Function]}
    toggleDayHabit={[Function]}
    week="y1w1"
  />
  <hr />
  <div
    className="d-flex justify-content-center"
  >
    <button
      className="btn btn-primary btn-lg"
      onClick={[Function]}
    >
      my-habits-new-habit
    </button>
  </div>
</div>
`;
