// Jest Snapshot v1, https://goo.gl/fbAQLP

exports[`Dashboard component Renders Dashboard list 1`] = `
<DashboardView
  currentHabits={Array []}
  currentWeek="y1w1"
  onAddNewHabit={[Function]}
  onUpdateHabit={[Function]}
  previousHabits={Array []}
  previousWeek="y1w0"
  toggleDayHabit={[Function]}
  username="rafa"
/>
`;

exports[`Dashboard component Renders New Habit 1`] = `
<Dashboard
  currentHabits={Array []}
  currentWeek="y1w1"
  deleteHabit={[Function]}
  previousHabits={Array []}
  previousWeek="y1w0"
  saveHabit={[Function]}
  toggleDayHabit={[Function]}
  username="rafa"
>
  <SaveHabit
    deleteHabit={[Function]}
    onGoBack={[Function]}
    saveHabit={[Function]}
  >
    <form
      className="mobile-size-container "
      noValidate={true}
      onSubmit={[Function]}
    >
      <h2>
        save-habit-new-title
      </h2>
      <div
        className="mb-3"
      >
        <label
          htmlFor="new-habit-name"
        >
          save-habit-name
        </label>
        <input
          className="form-control"
          id="new-habit-name"
          onChange={[Function]}
          required={true}
          value=""
        />
        <div
          className="invalid-feedback"
        >
          save-habit-name-validation
        </div>
      </div>
      <div
        className="mb-3"
      >
        <label
          htmlFor="new-habit-type"
        >
          save-habit-type
        </label>
        <select
          className="form-control"
          id="new-habit-type"
          onBlur={[Function]}
          onChange={[Function]}
          required={true}
          value=""
        >
          <option
            value=""
          />
          <option
            key="save-habit-type-option-Health"
            value="Health"
          >
            Health
          </option>
          <option
            key="save-habit-type-option-Social"
            value="Social"
          >
            Social
          </option>
          <option
            key="save-habit-type-option-Career"
            value="Career"
          >
            Career
          </option>
          <option
            key="save-habit-type-option-Hobbies"
            value="Hobbies"
          >
            Hobbies
          </option>
        </select>
        <div
          className="invalid-feedback"
        >
          save-habit-type-validation
        </div>
      </div>
      <div
        className="mb-3"
      >
        <label
          htmlFor="new-habit-frequency"
        >
          save-habit-frequency
        </label>
        <select
          className="form-control"
          id="new-habit-frequency"
          onBlur={[Function]}
          onChange={[Function]}
          required={true}
          value=""
        >
          <option
            value=""
          />
          <option
            value="1"
          >
            1x
          </option>
          <option
            value="2"
          >
            2x
          </option>
          <option
            value="3"
          >
            3x
          </option>
          <option
            value="4"
          >
            4x
          </option>
          <option
            value="5"
          >
            5x
          </option>
          <option
            value="6"
          >
            6x
          </option>
          <option
            value="7"
          >
            7x
          </option>
        </select>
        <div
          className="invalid-feedback"
        >
          save-habit-frequency-validation
        </div>
      </div>
      <hr
        className="mb-4"
      />
      <button
        className="btn btn-primary btn-lg btn-block"
      >
        save-habit-save
      </button>
      <button
        className="btn btn-secondary btn-lg btn-block"
        onClick={[Function]}
        type="button"
      >
        save-habit-cancel
      </button>
    </form>
  </SaveHabit>
</Dashboard>
`;
